Loading metric data ...
Plotting 28 methods across 4 metrics.
metric                          method   group_baseline  n     t_stat  p_value    p_adj  significant
   ARI       ontovae_degree_preserving          ontovae  5  -1.809290 0.144667 0.372000        False
   ARI                  ontovae_random          ontovae  5  -0.873329 0.431778 0.706546        False
   ARI vega_hallmark_degree_preserving    vega_hallmark  5  -1.442436 0.222645 0.400761        False
   ARI            vega_hallmark_random    vega_hallmark  5  -3.355309 0.028428 0.087626        False
   ARI vega_reactome_degree_preserving vega_reactome674  5   0.099633 0.925429 0.945788        False
   ARI            vega_reactome_random vega_reactome674  5  -1.454458 0.219503 0.400761        False
   ARI                   GONNECT-R-enc      GONNECT-enc  5   4.382635 0.011851 0.056115        False
   ARI                  GONNECT-RR-enc      GONNECT-enc  5   9.842177 0.000598 0.010758         True
   ARI                   GONNECT-R-dec      GONNECT-dec  5   0.208090 0.845325 0.945788        False
   ARI                  GONNECT-RR-dec      GONNECT-dec  5  -4.382894 0.011848 0.056115        False
   ARI                  GONNECT-R-both     GONNECT-both  5   1.530571 0.200623 0.400761        False
   ARI                 GONNECT-RR-both     GONNECT-both  5   0.678289 0.534801 0.802201        False
   ARI                GONNECT-R-SL-enc   GONNECT-SL-enc  5   0.536199 0.620251 0.858809        False
   ARI               GONNECT-RR-SL-enc   GONNECT-SL-enc  5  -3.326218 0.029209 0.087626        False
   ARI                GONNECT-R-SL-dec   GONNECT-SL-dec  5   0.258547 0.808743 0.945788        False
   ARI               GONNECT-RR-SL-dec   GONNECT-SL-dec  5   0.072361 0.945788 0.945788        False
   ARI               GONNECT-R-SL-both  GONNECT-SL-both  5  -0.454570 0.672995 0.865279        False
   ARI              GONNECT-RR-SL-both  GONNECT-SL-both  5  -4.317704 0.012470 0.056115        False
   MSE       ontovae_degree_preserving          ontovae  5  -3.656782 0.021642 0.035414         True
   MSE                  ontovae_random          ontovae  5  -2.702286 0.053966 0.064760        False
   MSE vega_hallmark_degree_preserving    vega_hallmark  5  18.247815 0.000053 0.000318         True
   MSE            vega_hallmark_random    vega_hallmark  5  26.596392 0.000012 0.000107         True
   MSE vega_reactome_degree_preserving vega_reactome674  5  -2.427884 0.072146 0.076390        False
   MSE            vega_reactome_random vega_reactome674  5 -41.427443 0.000002 0.000037         True
   MSE                   GONNECT-R-enc      GONNECT-enc  5   3.196795 0.033002 0.049502         True
   MSE                  GONNECT-RR-enc      GONNECT-enc  5  -6.180948 0.003481 0.007832         True
   MSE                   GONNECT-R-dec      GONNECT-dec  5  13.674226 0.000166 0.000693         True
   MSE                  GONNECT-RR-dec      GONNECT-dec  5  -5.549655 0.005158 0.010316         True
   MSE                  GONNECT-R-both     GONNECT-both  5   9.712271 0.000629 0.001618         True
   MSE                 GONNECT-RR-both     GONNECT-both  5   2.714614 0.053282 0.064760        False
   MSE                GONNECT-R-SL-enc   GONNECT-SL-enc  5   2.833270 0.047188 0.064760        False
   MSE               GONNECT-RR-SL-enc   GONNECT-SL-enc  5 -13.159148 0.000193 0.000693         True
   MSE                GONNECT-R-SL-dec   GONNECT-SL-dec  5   2.525967 0.064943 0.073061        False
   MSE               GONNECT-RR-SL-dec   GONNECT-SL-dec  5  -9.790387 0.000610 0.001618         True
   MSE               GONNECT-R-SL-both  GONNECT-SL-both  5   4.411993 0.011583 0.020849         True
   MSE              GONNECT-RR-SL-both  GONNECT-SL-both  5   0.534940 0.621045 0.621045        False
   NMI       ontovae_degree_preserving          ontovae  5  -6.307920 0.003229 0.014533         True
   NMI                  ontovae_random          ontovae  5  -1.753688 0.154350 0.277830        False
   NMI vega_hallmark_degree_preserving    vega_hallmark  5  -2.522598 0.065176 0.130352        False
   NMI            vega_hallmark_random    vega_hallmark  5  -4.753400 0.008948 0.021148         True
   NMI vega_reactome_degree_preserving vega_reactome674  5   0.976946 0.383913 0.493602        False
   NMI            vega_reactome_random vega_reactome674  5   0.245781 0.817948 0.920191        False
   NMI                   GONNECT-R-enc      GONNECT-enc  5   8.025271 0.001308 0.007849         True
   NMI                  GONNECT-RR-enc      GONNECT-enc  5  13.069913 0.000198 0.003561         True
   NMI                   GONNECT-R-dec      GONNECT-dec  5   0.095759 0.928318 0.965827        False
   NMI                  GONNECT-RR-dec      GONNECT-dec  5  -4.686935 0.009399 0.021148         True
   NMI                  GONNECT-R-both     GONNECT-both  5   1.658420 0.172572 0.282391        False
   NMI                 GONNECT-RR-both     GONNECT-both  5   0.986598 0.379693 0.493602        False
   NMI                GONNECT-R-SL-enc   GONNECT-SL-enc  5  10.163525 0.000528 0.004750         True
   NMI               GONNECT-RR-SL-enc   GONNECT-SL-enc  5  -5.011497 0.007430 0.021148         True
   NMI                GONNECT-R-SL-dec   GONNECT-SL-dec  5  -1.125403 0.323375 0.485062        False
   NMI               GONNECT-RR-SL-dec   GONNECT-SL-dec  5  -0.045584 0.965827 0.965827        False
   NMI               GONNECT-R-SL-both  GONNECT-SL-both  5   0.432405 0.687738 0.825286        False
   NMI              GONNECT-RR-SL-both  GONNECT-SL-both  5  -4.913910 0.007964 0.021148         True
    SS       ontovae_degree_preserving          ontovae  5  -2.221987 0.090412 0.147947        False
    SS                  ontovae_random          ontovae  5  -1.354374 0.247071 0.342098        False
    SS vega_hallmark_degree_preserving    vega_hallmark  5  -1.084331 0.339204 0.436119        False
    SS            vega_hallmark_random    vega_hallmark  5  -1.767248 0.151927 0.227890        False
    SS vega_reactome_degree_preserving vega_reactome674  5  -0.617996 0.570028 0.621655        False
    SS            vega_reactome_random vega_reactome674  5   4.871804 0.008209 0.024627         True
    SS                   GONNECT-R-enc      GONNECT-enc  5  -0.589654 0.587119 0.621655        False
    SS                  GONNECT-RR-enc      GONNECT-enc  5  14.355246 0.000137 0.001231         True
    SS                   GONNECT-R-dec      GONNECT-dec  5  -0.088016 0.934095 0.934095        False
    SS                  GONNECT-RR-dec      GONNECT-dec  5  -4.986184 0.007564 0.024627         True
    SS                  GONNECT-R-both     GONNECT-both  5   3.065770 0.037447 0.084256        False
    SS                 GONNECT-RR-both     GONNECT-both  5   2.611657 0.059317 0.118633        False
    SS                GONNECT-R-SL-enc   GONNECT-SL-enc  5  15.084026 0.000113 0.001231         True
    SS               GONNECT-RR-SL-enc   GONNECT-SL-enc  5 -10.309052 0.000499 0.002997         True
    SS                GONNECT-R-SL-dec   GONNECT-SL-dec  5  -0.881181 0.427985 0.513582        False
    SS               GONNECT-RR-SL-dec   GONNECT-SL-dec  5  -2.389652 0.075196 0.135353        False
    SS               GONNECT-R-SL-both  GONNECT-SL-both  5   4.415375 0.011552 0.029706         True
    SS              GONNECT-RR-SL-both  GONNECT-SL-both  5  -6.848443 0.002379 0.010707         True
  no text overlaps in fig3
  wrote ..\out\compare\revised\fig3.png
  wrote ..\out\compare\revised\fig3.pdf
