Section 1 t-tests vs GONNECT-SL-dec
metric           method  n     t_stat      p_value        p_adj  significant
   ARI  GONNECT-SL-both  5  -0.133921 8.999328e-01 8.999328e-01        False
   ARI   GONNECT-SL-enc  5  -5.072762 7.116650e-03 1.280997e-02         True
   ARI     GONNECT-both  5 -13.294502 1.850362e-04 5.551086e-04         True
   ARI      GONNECT-dec  5  -9.153758 7.906176e-04 1.778890e-03         True
   ARI      GONNECT-enc  5 -27.467010 1.044907e-05 9.404165e-05         True
   ARI              MLP  5  -1.681982 1.678642e-01 2.508436e-01        False
   ARI          ontovae  5   1.554220 1.951006e-01 2.508436e-01        False
   ARI    vega_hallmark  5 -19.498805 4.078892e-05 1.835502e-04         True
   ARI vega_reactome674  5  -0.788413 4.745535e-01 5.338727e-01        False
   MSE  GONNECT-SL-both  5 -14.704494 1.244738e-04 1.867106e-04         True
   MSE   GONNECT-SL-enc  5  -4.617676 9.898359e-03 1.255711e-02         True
   MSE     GONNECT-both  5  78.347787 1.590643e-07 4.771930e-07         True
   MSE      GONNECT-dec  5  85.503821 1.121536e-07 4.771930e-07         True
   MSE      GONNECT-enc  5   4.459817 1.116188e-02 1.255711e-02         True
   MSE              MLP  5   3.530856 2.421188e-02 2.421188e-02         True
   MSE          ontovae  5 -57.569773 5.451300e-07 9.812341e-07         True
   MSE    vega_hallmark  5 118.789204 3.011884e-08 2.710695e-07         True
   MSE vega_reactome674  5  58.161755 5.232941e-07 9.812341e-07         True
   NMI  GONNECT-SL-both  5  -1.273570 2.717899e-01 2.717899e-01        False
   NMI   GONNECT-SL-enc  5 -15.444369 1.025720e-04 3.077161e-04         True
   NMI     GONNECT-both  5 -11.590463 3.165902e-04 5.698624e-04         True
   NMI      GONNECT-dec  5 -12.388190 2.440538e-04 5.491211e-04         True
   NMI      GONNECT-enc  5 -62.745243 3.864497e-07 3.478047e-06         True
   NMI              MLP  5  -3.688615 2.104426e-02 2.766719e-02         True
   NMI          ontovae  5   2.453357 7.019116e-02 7.896506e-02        False
   NMI    vega_hallmark  5 -20.341877 3.448438e-05 1.551797e-04         True
   NMI vega_reactome674  5  -3.663233 2.151893e-02 2.766719e-02         True
    SS  GONNECT-SL-both  5 -10.786695 4.189043e-04 6.283564e-04         True
    SS   GONNECT-SL-enc  5 -14.202044 1.427342e-04 3.568034e-04         True
    SS     GONNECT-both  5 -15.578235 9.913819e-05 3.568034e-04         True
    SS      GONNECT-dec  5  -5.859670 4.233623e-03 4.762826e-03         True
    SS      GONNECT-enc  5 -45.211442 1.431340e-06 1.288206e-05         True
    SS              MLP  5  -3.155032 3.434751e-02 3.434751e-02         True
    SS          ontovae  5 -13.826990 1.585793e-04 3.568034e-04         True
    SS    vega_hallmark  5 -12.577276 2.299959e-04 4.139927e-04         True
    SS vega_reactome674  5  -7.271206 1.900446e-03 2.443431e-03         True

Section 2 (CT) per-model t-tests vs ct=30:
metric          method config  n     t_stat      p_value        p_adj  significant
   ARI GONNECT-SL-both   ct=5  5   0.631975 5.617223e-01 5.617223e-01        False
   ARI GONNECT-SL-both  ct=10  5   2.360840 7.759180e-02 1.108454e-01        False
   ARI  GONNECT-SL-dec   ct=5  5  -6.519767 2.857621e-03 9.525404e-03         True
   ARI  GONNECT-SL-dec  ct=10  5  -3.081075 3.689298e-02 7.378596e-02        False
   ARI  GONNECT-SL-enc   ct=5  5  -2.836417 4.703804e-02 7.839674e-02        False
   ARI  GONNECT-SL-enc  ct=10  5  -3.167474 3.393987e-02 7.378596e-02        False
   ARI     GONNECT-dec   ct=5  5   1.885002 1.325132e-01 1.656415e-01        False
   ARI     GONNECT-dec  ct=10  5   1.015492 3.673014e-01 4.081127e-01        False
   ARI     GONNECT-enc   ct=5  5  13.564177 1.710026e-04 1.019778e-03         True
   ARI     GONNECT-enc  ct=10  5  12.968764 2.039555e-04 1.019778e-03         True
   MSE GONNECT-SL-both   ct=5  5   0.445977 6.786901e-01 6.786901e-01        False
   MSE GONNECT-SL-both  ct=10  5  -2.716102 5.320061e-02 6.650077e-02        False
   MSE  GONNECT-SL-dec   ct=5  5   9.219135 7.692555e-04 1.282093e-03         True
   MSE  GONNECT-SL-dec  ct=10  5   9.428472 7.055027e-04 1.282093e-03         True
   MSE  GONNECT-SL-enc   ct=5  5  12.881145 2.094509e-04 5.236273e-04         True
   MSE  GONNECT-SL-enc  ct=10  5  28.734760 8.730167e-06 2.910056e-05         True
   MSE     GONNECT-dec   ct=5  5  97.274715 6.696463e-08 3.412824e-07         True
   MSE     GONNECT-dec  ct=10  5  96.810985 6.825647e-08 3.412824e-07         True
   MSE     GONNECT-enc   ct=5  5   1.797344 1.466911e-01 1.629902e-01        False
   MSE     GONNECT-enc  ct=10  5   5.241608 6.333315e-03 9.047593e-03         True
   NMI GONNECT-SL-both   ct=5  5   1.447816 2.212333e-01 2.458147e-01        False
   NMI GONNECT-SL-both  ct=10  5   2.470455 6.891309e-02 8.614136e-02        False
   NMI  GONNECT-SL-dec   ct=5  5 -12.291562 2.516507e-04 1.131742e-03         True
   NMI  GONNECT-SL-dec  ct=10  5  -3.974163 1.648125e-02 2.719113e-02         True
   NMI  GONNECT-SL-enc   ct=5  5  -3.804260 1.903379e-02 2.719113e-02         True
   NMI  GONNECT-SL-enc  ct=10  5  -6.520751 2.856020e-03 7.140051e-03         True
   NMI     GONNECT-dec   ct=5  5  -4.898722 8.051382e-03 1.610276e-02         True
   NMI     GONNECT-dec  ct=10  5  -0.023194 9.826068e-01 9.826068e-01        False
   NMI     GONNECT-enc   ct=5  5  11.384578 3.395225e-04 1.131742e-03         True
   NMI     GONNECT-enc  ct=10  5  29.677735 7.676233e-06 7.676233e-05         True
    SS GONNECT-SL-both   ct=5  5   1.805593 1.452899e-01 1.816124e-01        False
    SS GONNECT-SL-both  ct=10  5   4.378665 1.188730e-02 2.377460e-02         True
    SS  GONNECT-SL-dec   ct=5  5  -3.540989 2.399207e-02 3.998678e-02         True
    SS  GONNECT-SL-dec  ct=10  5  -2.238584 8.876128e-02 1.268018e-01        False
    SS  GONNECT-SL-enc   ct=5  5  -0.799099 4.689938e-01 4.689938e-01        False
    SS  GONNECT-SL-enc  ct=10  5  -1.122325 3.245372e-01 3.605969e-01        False
    SS     GONNECT-dec   ct=5  5 -22.799402 2.192340e-05 1.096170e-04         True
    SS     GONNECT-dec  ct=10  5 -19.968644 3.711339e-05 1.237113e-04         True
    SS     GONNECT-enc   ct=5  5   7.996063 1.326378e-03 3.315944e-03         True
    SS     GONNECT-enc  ct=10  5  26.513913 1.202676e-05 1.096170e-04         True

Section 3 (gene) per-model t-tests vs 1k:
metric         method config  n    t_stat  p_value    p_adj  significant
   ARI GONNECT-SL-dec     2k  5  0.429405 0.689747 0.689747        False
   ARI GONNECT-SL-enc     2k  5  2.561257 0.062555 0.083406        False
   ARI    GONNECT-dec     2k  5  6.666973 0.002630 0.010520         True
   ARI    GONNECT-enc     2k  5 -4.506167 0.010772 0.021543         True
   MSE GONNECT-SL-dec     2k  5  0.437743 0.684172 0.684172        False
   MSE GONNECT-SL-enc     2k  5 -7.844447 0.001426 0.005706         True
   MSE    GONNECT-dec     2k  5 -2.179449 0.094803 0.126404        False
   MSE    GONNECT-enc     2k  5  3.533151 0.024162 0.048324         True
   NMI GONNECT-SL-dec     2k  5  1.487547 0.211083 0.211083        False
   NMI GONNECT-SL-enc     2k  5  4.962509 0.007692 0.015385         True
   NMI    GONNECT-dec     2k  5  9.969161 0.000569 0.002275         True
   NMI    GONNECT-enc     2k  5 -2.952381 0.041870 0.055827        False
    SS GONNECT-SL-dec     2k  5 -3.276419 0.030604 0.030604         True
    SS GONNECT-SL-enc     2k  5  5.736316 0.004575 0.006100         True
    SS    GONNECT-dec     2k  5  8.846463 0.000901 0.002220         True
    SS    GONNECT-enc     2k  5 -8.378623 0.001110 0.002220         True
  no text overlaps in figS1
  wrote ..\out\compare\revised\figS1.png
  wrote ..\out\compare\revised\figS1.pdf
