Loading metric data ...
metric           method  n     t_stat      p_value        p_adj  significant
   ARI  GONNECT-SL-both  5   2.003902 1.156005e-01 1.592881e-01        False
   ARI   GONNECT-SL-dec  5   2.612568 5.925990e-02 1.066678e-01        False
   ARI   GONNECT-SL-enc  5  -0.409220 7.033418e-01 7.033418e-01        False
   ARI     GONNECT-both  5  -9.572626 6.653859e-04 2.526553e-03         True
   ARI      GONNECT-dec  5  -9.004580 8.421842e-04 2.526553e-03         True
   ARI      GONNECT-enc  5 -25.473988 1.410311e-05 1.269280e-04         True
   ARI          ontovae  5   1.943412 1.238908e-01 1.592881e-01        False
   ARI    vega_hallmark  5  -7.054860 2.128896e-03 4.790015e-03         True
   ARI vega_reactome674  5   1.681635 1.679325e-01 1.889241e-01        False
   MSE  GONNECT-SL-both  5 -23.146943 2.064392e-05 3.096587e-05         True
   MSE   GONNECT-SL-dec  5  -3.530856 2.421188e-02 2.723837e-02         True
   MSE   GONNECT-SL-enc  5  -7.171490 2.001774e-03 2.573710e-03         True
   MSE     GONNECT-both  5  48.081522 1.119405e-06 2.518660e-06         True
   MSE      GONNECT-dec  5 106.852383 4.600032e-08 2.070014e-07         True
   MSE      GONNECT-enc  5   0.456202 6.719162e-01 6.719162e-01        False
   MSE          ontovae  5 -28.026283 9.643000e-06 1.735740e-05         True
   MSE    vega_hallmark  5 188.425065 4.758992e-09 4.283093e-08         True
   MSE vega_reactome674  5  96.326523 6.963952e-08 2.089185e-07         True
   NMI  GONNECT-SL-both  5   2.020255 1.134647e-01 1.134647e-01        False
   NMI   GONNECT-SL-dec  5   7.753095 1.491271e-03 3.355361e-03         True
   NMI   GONNECT-SL-enc  5  -2.152497 9.770756e-02 1.099210e-01        False
   NMI     GONNECT-both  5  -8.159768 1.227891e-03 3.355361e-03         True
   NMI      GONNECT-dec  5 -19.359282 4.196703e-05 1.888516e-04         True
   NMI      GONNECT-enc  5 -39.092159 2.557999e-06 2.302199e-05         True
   NMI          ontovae  5   5.483994 5.384445e-03 6.922858e-03         True
   NMI    vega_hallmark  5  -6.123194 3.603381e-03 5.405071e-03         True
   NMI vega_reactome674  5   7.117017 2.059947e-03 3.707904e-03         True
    SS  GONNECT-SL-both  5  -6.576678 2.766841e-03 6.225391e-03         True
    SS   GONNECT-SL-dec  5   2.796537 4.898419e-02 6.297967e-02        False
    SS   GONNECT-SL-enc  5  -8.347659 1.125757e-03 3.377272e-03         True
    SS     GONNECT-both  5 -32.338120 5.451659e-06 2.453246e-05         True
    SS      GONNECT-dec  5  -4.431572 1.140811e-02 2.053460e-02         True
    SS      GONNECT-enc  5 -43.179608 1.719829e-06 1.547846e-05         True
    SS          ontovae  5  -3.110252 3.586314e-02 5.379471e-02        False
    SS    vega_hallmark  5  -1.979106 1.189232e-01 1.337886e-01        False
    SS vega_reactome674  5  -1.597507 1.853928e-01 1.853928e-01        False
Loading per-cancer-type data ...
  repaired 28 locale-coerced cell(s) in mse_per_cluster_TCGA_1000_30.xlsx (x1000 by Excel; see _common._decoerce)
Loading TCGA labels ...
Loading k-NN purity ...
  cache hit:  knn_purity.csv
Loading / computing t-SNEs ...
  cache hit:  tsne_AE_2.0.2_none.npz
  cache hit:  tsne_AE_2.0.2_decoder.npz
  cache hit:  tsne_AE_2.0.2_encoder.npz
  cache hit:  tsne_AE_2.0.2_both.npz
Drawing figure ...
  no text overlaps in fig2
  wrote figures\out\compare\published\fig2.png
  wrote figures\out\compare\published\fig2.pdf
