Loading metric data ...
Plotting 28 methods across 4 metrics.
metric                          method   group_baseline  n      t_stat      p_value        p_adj  significant
   ARI       ontovae_degree_preserving          ontovae  5    0.023610 9.822943e-01 9.822943e-01        False
   ARI                  ontovae_random          ontovae  5   -1.633343 1.777346e-01 3.337627e-01        False
   ARI vega_hallmark_degree_preserving    vega_hallmark  5   -1.812597 1.441116e-01 3.337627e-01        False
   ARI            vega_hallmark_random    vega_hallmark  5   -4.607198 9.976668e-03 5.986001e-02        False
   ARI vega_reactome_degree_preserving vega_reactome674  5   -1.762414 1.527858e-01 3.337627e-01        False
   ARI            vega_reactome_random vega_reactome674  5    0.295488 7.823250e-01 8.801156e-01        False
   ARI                   GONNECT-R-enc      GONNECT-enc  5    2.075608 1.065513e-01 3.196538e-01        False
   ARI                  GONNECT-RR-enc      GONNECT-enc  5    9.044227 8.280823e-04 1.490548e-02         True
   ARI                   GONNECT-R-dec      GONNECT-dec  5   -0.335866 7.538505e-01 8.801156e-01        False
   ARI                  GONNECT-RR-dec      GONNECT-dec  5   -4.964409 7.681969e-03 5.986001e-02        False
   ARI                  GONNECT-R-both     GONNECT-both  5    1.293377 2.655175e-01 4.344832e-01        False
   ARI                 GONNECT-RR-both     GONNECT-both  5    1.597366 1.854237e-01 3.337627e-01        False
   ARI                GONNECT-R-SL-enc   GONNECT-SL-enc  5    0.665005 5.424278e-01 7.510539e-01        False
   ARI               GONNECT-RR-SL-enc   GONNECT-SL-enc  5   -2.847543 4.651123e-02 1.674404e-01        False
   ARI                GONNECT-R-SL-dec   GONNECT-SL-dec  5   -1.140540 3.177134e-01 4.765701e-01        False
   ARI               GONNECT-RR-SL-dec   GONNECT-SL-dec  5   -0.203358 8.487814e-01 8.987098e-01        False
   ARI               GONNECT-R-SL-both  GONNECT-SL-both  5   -0.353424 7.416106e-01 8.801156e-01        False
   ARI              GONNECT-RR-SL-both  GONNECT-SL-both  5   -3.685487 2.110208e-02 9.495934e-02        False
   MSE       ontovae_degree_preserving          ontovae  5   -1.629704 1.784970e-01 2.008091e-01        False
   MSE                  ontovae_random          ontovae  5   -1.526884 2.014985e-01 2.133513e-01        False
   MSE vega_hallmark_degree_preserving    vega_hallmark  5   19.308174 4.240918e-05 2.544551e-04         True
   MSE            vega_hallmark_random    vega_hallmark  5   47.190834 1.206206e-06 1.085586e-05         True
   MSE vega_reactome_degree_preserving vega_reactome674  5  -12.352698 2.468106e-04 7.404318e-04         True
   MSE            vega_reactome_random vega_reactome674  5 -187.528495 4.850649e-09 8.731168e-08         True
   MSE                   GONNECT-R-enc      GONNECT-enc  5    3.196795 3.300151e-02 4.950227e-02         True
   MSE                  GONNECT-RR-enc      GONNECT-enc  5   -6.180948 3.481018e-03 6.962036e-03         True
   MSE                   GONNECT-R-dec      GONNECT-dec  5   13.674226 1.656581e-04 6.934338e-04         True
   MSE                  GONNECT-RR-dec      GONNECT-dec  5   -5.549655 5.157946e-03 9.284303e-03         True
   MSE                  GONNECT-R-both     GONNECT-both  5    9.712271 6.291889e-04 1.415675e-03         True
   MSE                 GONNECT-RR-both     GONNECT-both  5    2.714614 5.328248e-02 6.850605e-02        False
   MSE                GONNECT-R-SL-enc   GONNECT-SL-enc  5    2.833270 4.718833e-02 6.533769e-02        False
   MSE               GONNECT-RR-SL-enc   GONNECT-SL-enc  5  -13.159148 1.926205e-04 6.934338e-04         True
   MSE                GONNECT-R-SL-dec   GONNECT-SL-dec  5    2.525967 6.494274e-02 7.793129e-02        False
   MSE               GONNECT-RR-SL-dec   GONNECT-SL-dec  5   -9.790387 6.100056e-04 1.415675e-03         True
   MSE               GONNECT-R-SL-both  GONNECT-SL-both  5    4.411993 1.158267e-02 1.895346e-02         True
   MSE              GONNECT-RR-SL-both  GONNECT-SL-both  5    0.534940 6.210447e-01 6.210447e-01        False
   NMI       ontovae_degree_preserving          ontovae  5    0.094643 9.291496e-01 9.291496e-01        False
   NMI                  ontovae_random          ontovae  5   -2.702328 5.396406e-02 1.214191e-01        False
   NMI vega_hallmark_degree_preserving    vega_hallmark  5   -1.941786 1.241224e-01 2.248743e-01        False
   NMI            vega_hallmark_random    vega_hallmark  5   -6.854346 2.371614e-03 2.134452e-02         True
   NMI vega_reactome_degree_preserving vega_reactome674  5   -1.417127 2.294079e-01 3.384637e-01        False
   NMI            vega_reactome_random vega_reactome674  5    0.358433 7.381355e-01 8.012760e-01        False
   NMI                   GONNECT-R-enc      GONNECT-enc  5    5.418187 5.623778e-03 3.374267e-02         True
   NMI                  GONNECT-RR-enc      GONNECT-enc  5   24.609953 1.617867e-05 2.912160e-04         True
   NMI                   GONNECT-R-dec      GONNECT-dec  5   -0.331710 7.567607e-01 8.012760e-01        False
   NMI                  GONNECT-RR-dec      GONNECT-dec  5   -4.851095 8.332809e-03 3.441220e-02         True
   NMI                  GONNECT-R-both     GONNECT-both  5    1.868693 1.350351e-01 2.248743e-01        False
   NMI                 GONNECT-RR-both     GONNECT-both  5    1.363414 2.444460e-01 3.384637e-01        False
   NMI                GONNECT-R-SL-enc   GONNECT-SL-enc  5    3.281881 3.044685e-02 8.858805e-02        False
   NMI               GONNECT-RR-SL-enc   GONNECT-SL-enc  5   -4.664287 9.558943e-03 3.441220e-02         True
   NMI                GONNECT-R-SL-dec   GONNECT-SL-dec  5   -1.853550 1.374232e-01 2.248743e-01        False
   NMI               GONNECT-RR-SL-dec   GONNECT-SL-dec  5   -0.613349 5.728071e-01 6.873685e-01        False
   NMI               GONNECT-R-SL-both  GONNECT-SL-both  5    0.767014 4.858404e-01 6.246519e-01        False
   NMI              GONNECT-RR-SL-both  GONNECT-SL-both  5   -3.151904 3.445091e-02 8.858805e-02        False
    SS       ontovae_degree_preserving          ontovae  5    0.392001 7.150467e-01 9.208052e-01        False
    SS                  ontovae_random          ontovae  5   -0.448180 6.772271e-01 9.208052e-01        False
    SS vega_hallmark_degree_preserving    vega_hallmark  5   -0.225012 8.329974e-01 9.208052e-01        False
    SS            vega_hallmark_random    vega_hallmark  5    0.861672 4.374599e-01 7.158435e-01        False
    SS vega_reactome_degree_preserving vega_reactome674  5   -0.178035 8.673481e-01 9.208052e-01        False
    SS            vega_reactome_random vega_reactome674  5    5.855964 4.243412e-03 1.527628e-02         True
    SS                   GONNECT-R-enc      GONNECT-enc  5   -0.174907 8.696494e-01 9.208052e-01        False
    SS                  GONNECT-RR-enc      GONNECT-enc  5   12.249767 2.550278e-04 1.752411e-03         True
    SS                   GONNECT-R-dec      GONNECT-dec  5   -0.086197 9.354524e-01 9.354524e-01        False
    SS                  GONNECT-RR-dec      GONNECT-dec  5   -5.071858 7.121153e-03 1.919161e-02         True
    SS                  GONNECT-R-both     GONNECT-both  5    3.802696 1.905942e-02 3.811883e-02         True
    SS                 GONNECT-RR-both     GONNECT-both  5    5.005112 7.463402e-03 1.919161e-02         True
    SS                GONNECT-R-SL-enc   GONNECT-SL-enc  5   26.549341 1.196299e-05 2.153339e-04         True
    SS               GONNECT-RR-SL-enc   GONNECT-SL-enc  5  -11.832213 2.920686e-04 1.752411e-03         True
    SS                GONNECT-R-SL-dec   GONNECT-SL-dec  5   -0.223494 8.341010e-01 9.208052e-01        False
    SS               GONNECT-RR-SL-dec   GONNECT-SL-dec  5   -2.613002 5.923291e-02 1.066192e-01        False
    SS               GONNECT-R-SL-both  GONNECT-SL-both  5    3.808706 1.896121e-02 3.811883e-02         True
    SS              GONNECT-RR-SL-both  GONNECT-SL-both  5   -6.176541 3.490175e-03 1.527628e-02         True
  no text overlaps in figS4
  wrote figures\out\compare\published\figS4.png
  wrote figures\out\compare\published\figS4.pdf
